[www.repealparkingban.org/index.html]
[content.campaignpartner.net/images/137730/parking_favicon.png]
[backblue.gif]
[fade.gif]
[index.html]
[www.repealparkingban.org/rss/news.xml]
[www.repealparkingban.org/rss/events.xml]
[www.repealparkingban.org/local_css/foundation-icons.css]
[www.repealparkingban.org/css2/15739_638978058615130000.css]
[www.repealparkingban.org/custom-css_638954480967830000.css]
[www.repealparkingban.org/js/click-to-zoom.js]
[www.repealparkingban.org/css/campaign-2e6dd.css]
[www.repealparkingban.org/scripts/jquery-3.7.1.min.js]
[www.repealparkingban.org/scripts/navigatione2a1.js]
[www.repealparkingban.org/scripts/main1b26.js]
[www.repealparkingban.org/scripts/sticky.js]
[www.repealparkingban.org/local_css/fontawesome/css/fontawesome-min.css]
[www.repealparkingban.org/local_css/fontawesome/css/regular.css]
[www.repealparkingban.org/local_css/fontawesome/css/brands.css]
[www.repealparkingban.org/scripts/jquery.cycle2.min-new.js]
[content.campaignpartner.net/images/137730/campaignpartner_logo_quick_color_fix.png]
[www.repealparkingban.org/home.html]
[www.repealparkingban.org/issues.html]
[www.repealparkingban.org/meet.html]
[www.repealparkingban.org/view-endorsements.html]
[www.repealparkingban.org/in-the-media.html]
[www.repealparkingban.org/volunteer.html]
[www.repealparkingban.org/yard-sign.html]
[www.repealparkingban.org/local_images/scroll_up_2.png]
[content.campaignpartner.net/images/137730/narrower_-_my_photo_of_city_sign.jpg]
[www.repealparkingban.org/images/137730/farrell_newsletter.pdf]
[www.repealparkingban.org/images/137730/Boston_College_Neighborhood_Regs.pdf]
[www.repealparkingban.org/images/137730/Lasell_Neighborhood_Regs.pdf]
[www.repealparkingban.org/index.html]
[www.repealparkingban.org/js/video-resizer.js]
[www.repealparkingban.org/local_css/foundation-icons.eot]
[www.repealparkingban.org/local_css/foundation-iconsd41d.eot]
[www.repealparkingban.org/local_css/foundation-icons.woff]
[www.repealparkingban.org/local_css/foundation-icons.ttf]
[www.repealparkingban.org/local_css/foundation-icons.css]
[www.repealparkingban.org/local_css/gotham-medium-webfont.eot]
[www.repealparkingban.org/local_css/gotham-medium-webfontd41d.eot]
[www.repealparkingban.org/local_css/gotham-medium-webfont.woff2]
[www.repealparkingban.org/local_css/gotham-medium-webfont.woff]
[www.repealparkingban.org/local_css/gotham-medium-webfont.ttf]
[www.repealparkingban.org/images/10000/assets/navbg_ccce4f2f-036c-4673-a8d5-fd6d0343fec4.29.delayed]
[www.repealparkingban.org/images/share_facebook_sprite.png]
[www.repealparkingban.org/images/share_twitter_sprite.png]
[www.repealparkingban.org/images/share_email_sprite.png]
[www.repealparkingban.org/images/flag_slideshow_bg.png]
[www.repealparkingban.org/images/gplus_share_sprite.png]
[www.repealparkingban.org/images/linkedin_share_sprite.png]
[www.repealparkingban.org/css2/15739_638978058615130000.css]
[www.repealparkingban.org/custom-css_638954480967830000.css]
[www.repealparkingban.org/css/campaign-2e6dd.css]
[www.repealparkingban.org/local_css/fontawesome/css/fontawesome-min.css]
[www.repealparkingban.org/local_css/fontawesome/webfonts/fa-regular-400.woff2]
[www.repealparkingban.org/local_css/fontawesome/webfonts/fa-regular-400.ttf]
[www.repealparkingban.org/local_css/fontawesome/css/regular.css]
[www.repealparkingban.org/local_css/fontawesome/webfonts/fa-brands-400.woff2]
[www.repealparkingban.org/local_css/fontawesome/webfonts/fa-brands-400.ttf]
[www.repealparkingban.org/local_css/fontawesome/css/brands.css]
[www.repealparkingban.org/home.html]
[content.campaignpartner.net/images/137730/city_hall_presence_compressed.png]
[www.repealparkingban.org/issues.html]
[content.campaignpartner.net/images/137730/IMG_6518_1.jpg]
[www.repealparkingban.org/meet.html]
[www.repealparkingban.org/images/137730/Cindy_Steinberg_Newton_Overnight_Parking_Ban.pdf]
[www.repealparkingban.org/images/137730/Rodis_Letter.pdf]
[www.repealparkingban.org/view-endorsements.html]
[www.repealparkingban.org/make-endorsement.html]
[content.campaignpartner.net/images/137730/fcn_logo.png]
[content.campaignpartner.net/images/137730/newtv_logo.png]
[content.campaignpartner.net/images/137730/beacon_logo.png]
[content.campaignpartner.net/images/137730/wbz.png]
[www.repealparkingban.org/in-the-media.html]
[www.repealparkingban.org/css/volunteer-form3de6.css]
[www.repealparkingban.org/lib/jquery-validation/dist/jquery.validate.min.js]
[www.repealparkingban.org/lib/jquery-validation-unobtrusive/jquery.validate.unobtrusive.min.js]
[www.repealparkingban.org/volunteer.html]
[www.repealparkingban.org/js/volunteer-form3eac.js]
[www.repealparkingban.org/css/yardsign-form.css]
[content.campaignpartner.net/images/137730/cropped_yard_sign.jpg]
[www.repealparkingban.org/yard-sign.html]
[www.repealparkingban.org/local_css/foundation-icons.svg]
[www.repealparkingban.org/local_css/gotham-medium-webfont.svg]
[www.repealparkingban.org/images/10000/assets/navbg_ccce4f2f-036c-4673-a8d5-fd6d0343fec4.png]
[www.repealparkingban.org/js/yardsign-form76f0.js]
[www.repealparkingban.org/css/contact-form.css]
[www.repealparkingban.org/make-endorsement.html]
[www.repealparkingban.org/css/volunteer-form3de6.css]
[www.repealparkingban.org/css/yardsign-form.css]
[www.repealparkingban.org/css/contact-form.css]
[www.repealparkingban.org/js/contact-form0961.js]
